| file:///!unknown-binary-location/somepkg/IfaceA.class:0:0:0:0 | IfaceA |
| file:///!unknown-binary-location/somepkg/IfaceA.class:0:0:0:0 | IfaceA<> |
| file:///!unknown-binary-location/somepkg/IfaceA.class:0:0:0:0 | IfaceA<IfaceB<>> |
| file:///!unknown-binary-location/somepkg/IfaceA.class:0:0:0:0 | IfaceA<IfaceB<String>> |
| file:///!unknown-binary-location/somepkg/IfaceA.class:0:0:0:0 | IfaceA<IfaceB<T>> |
| file:///!unknown-binary-location/somepkg/IfaceA.class:0:0:0:0 | IfaceA<IfaceB> |
| file:///!unknown-binary-location/somepkg/IfaceA.class:0:0:0:0 | IfaceA<String> |
| file:///!unknown-binary-location/somepkg/IfaceB.class:0:0:0:0 | IfaceB |
| file:///!unknown-binary-location/somepkg/IfaceB.class:0:0:0:0 | IfaceB<> |
| file:///!unknown-binary-location/somepkg/IfaceB.class:0:0:0:0 | IfaceB<IfaceB> |
| file:///!unknown-binary-location/somepkg/IfaceB.class:0:0:0:0 | IfaceB<String> |
| file:///!unknown-binary-location/somepkg/IfaceB.class:0:0:0:0 | IfaceB<T> |
| file:///!unknown-binary-location/somepkg/IfaceC.class:0:0:0:0 | IfaceC |
| file:///!unknown-binary-location/somepkg/IfaceC.class:0:0:0:0 | IfaceC<> |
| file:///!unknown-binary-location/somepkg/IfaceC.class:0:0:0:0 | IfaceC<IfaceA<IfaceB<>>> |
| file:///!unknown-binary-location/somepkg/IfaceC.class:0:0:0:0 | IfaceC<IfaceA<IfaceB<String>>> |
| file:///!unknown-binary-location/somepkg/IfaceC.class:0:0:0:0 | IfaceC<IfaceA<IfaceB<T>>> |
| file:///!unknown-binary-location/somepkg/IfaceC.class:0:0:0:0 | IfaceC<IfaceA<IfaceB>> |
| file:///!unknown-binary-location/somepkg/IfaceZ.class:0:0:0:0 | IfaceZ |
