| Escaping.java:3:7:3:7 | x | The class $@ is marked as thread-safe, but this field is potentially escaping. | Escaping.java:2:14:2:21 | Escaping | Escaping |
| Escaping.java:4:14:4:14 | y | The class $@ is marked as thread-safe, but this field is potentially escaping. | Escaping.java:2:14:2:21 | Escaping | Escaping |
| Escaping.java:9:18:9:18 | b | The class $@ is marked as thread-safe, but this field is potentially escaping. | Escaping.java:2:14:2:21 | Escaping | Escaping |
