| [42 of Int] | getName: | [42 of Int] | getCanonicalType: | InlineArray<42, Int> | getCountType: | 42 | getElementType: | Int |
