.mvn/wrapper/maven-wrapper.properties
pom.xml
src/main/java/com/example/Hello.java
target/maven-archiver/pom.properties
