testFailures
variable
| main.rs:5:14:5:14 | s |
| main.rs:10:14:10:14 | i |
| main.rs:15:18:15:18 | i |
| main.rs:20:9:20:10 | x1 |
| main.rs:25:13:25:14 | x2 |
| main.rs:34:13:34:13 | x |
| main.rs:41:9:41:10 | x3 |
| main.rs:43:9:43:10 | x3 |
| main.rs:49:9:49:10 | x4 |
| main.rs:52:13:52:14 | x4 |
| main.rs:66:13:66:14 | a1 |
| main.rs:67:13:67:14 | b1 |
| main.rs:70:13:70:13 | x |
| main.rs:71:13:71:13 | y |
| main.rs:81:9:81:10 | p1 |
| main.rs:83:12:83:13 | a2 |
| main.rs:84:12:84:13 | b2 |
| main.rs:91:9:91:10 | s1 |
| main.rs:93:21:93:22 | s2 |
| main.rs:100:9:100:9 | x |
| main.rs:101:14:101:14 | x |
| main.rs:104:13:104:13 | x |
| main.rs:113:9:113:10 | s1 |
| main.rs:115:24:115:25 | s2 |
| main.rs:122:9:122:10 | x6 |
| main.rs:123:9:123:10 | y1 |
| main.rs:127:14:127:15 | y1 |
| main.rs:139:9:139:15 | numbers |
| main.rs:144:13:144:17 | first |
| main.rs:146:13:146:17 | third |
| main.rs:148:13:148:17 | fifth |
| main.rs:159:13:159:17 | first |
| main.rs:161:13:161:16 | last |
| main.rs:170:9:170:10 | p2 |
| main.rs:174:16:174:17 | x7 |
| main.rs:184:9:184:11 | msg |
| main.rs:189:17:189:27 | id_variable |
| main.rs:194:26:194:27 | id |
| main.rs:208:9:208:14 | either |
| main.rs:210:9:210:44 | a3 |
| main.rs:222:9:222:10 | tv |
| main.rs:224:9:224:81 | a4 |
| main.rs:228:9:228:83 | a5 |
| main.rs:232:9:232:83 | a6 |
| main.rs:238:9:238:14 | either |
| main.rs:240:9:240:44 | a7 |
| main.rs:248:9:248:14 | either |
| main.rs:251:13:251:13 | e |
| main.rs:252:14:252:51 | a11 |
| main.rs:255:33:255:35 | a12 |
| main.rs:272:9:272:10 | fv |
| main.rs:274:9:274:109 | a13 |
| main.rs:281:9:281:9 | x |
| main.rs:282:17:282:17 | x |
| main.rs:289:13:289:13 | x |
| main.rs:297:9:297:9 | x |
| main.rs:298:17:298:17 | x |
| main.rs:301:14:301:14 | x |
| main.rs:308:13:308:13 | x |
| main.rs:316:9:316:9 | x |
| main.rs:317:20:317:20 | x |
| main.rs:320:14:320:14 | x |
| main.rs:334:9:334:9 | x |
| main.rs:336:14:336:14 | x |
| main.rs:337:20:337:20 | x |
| main.rs:348:9:348:9 | x |
| main.rs:349:16:349:16 | x |
| main.rs:354:20:354:20 | x |
| main.rs:364:9:364:9 | x |
| main.rs:366:18:366:18 | x |
| main.rs:373:5:373:6 | a8 |
| main.rs:375:9:375:10 | b3 |
| main.rs:376:9:376:10 | c1 |
| main.rs:384:20:384:55 | a9 |
| main.rs:391:13:391:15 | a10 |
| main.rs:392:13:392:14 | b4 |
| main.rs:393:13:393:14 | c2 |
| main.rs:414:13:414:15 | a10 |
| main.rs:415:13:415:14 | b4 |
| main.rs:427:9:427:23 | example_closure |
| main.rs:428:10:428:10 | x |
| main.rs:430:9:430:10 | n1 |
| main.rs:435:9:435:26 | immutable_variable |
| main.rs:436:6:436:6 | x |
| main.rs:438:9:438:10 | n2 |
| main.rs:445:9:445:9 | f |
| main.rs:446:10:446:10 | x |
| main.rs:450:10:450:10 | x |
| main.rs:459:14:459:14 | x |
| main.rs:468:13:468:13 | f |
| main.rs:469:14:469:14 | x |
| main.rs:476:9:476:9 | v |
| main.rs:478:9:478:12 | text |
| main.rs:485:13:485:13 | a |
| main.rs:493:13:493:13 | i |
| main.rs:494:9:494:13 | ref_i |
| main.rs:500:17:500:17 | x |
| main.rs:507:22:507:22 | x |
| main.rs:507:38:507:38 | y |
| main.rs:516:13:516:13 | x |
| main.rs:517:9:517:9 | y |
| main.rs:524:13:524:13 | z |
| main.rs:525:9:525:9 | w |
| main.rs:538:13:538:13 | x |
| main.rs:539:9:539:9 | y |
| main.rs:546:9:546:9 | x |
| main.rs:549:9:549:11 | cap |
| main.rs:557:13:557:13 | x |
| main.rs:560:9:560:16 | closure1 |
| main.rs:566:13:566:13 | y |
| main.rs:569:13:569:20 | closure2 |
| main.rs:575:13:575:13 | z |
| main.rs:578:13:578:20 | closure3 |
| main.rs:586:13:586:13 | i |
| main.rs:587:9:587:13 | block |
| main.rs:595:8:595:8 | b |
| main.rs:596:13:596:13 | x |
| main.rs:613:13:613:14 | b1 |
| main.rs:613:23:613:24 | b2 |
| main.rs:614:9:614:9 | x |
| main.rs:637:20:637:23 | self |
| main.rs:641:11:641:14 | self |
| main.rs:645:23:645:26 | self |
| main.rs:646:17:646:17 | f |
| main.rs:646:22:646:22 | n |
| main.rs:656:13:656:13 | a |
| main.rs:665:13:665:13 | a |
| main.rs:674:9:674:9 | x |
| main.rs:678:9:678:9 | z |
| main.rs:687:17:687:20 | self |
| main.rs:693:13:693:13 | a |
| main.rs:715:9:715:22 | var_from_macro |
| main.rs:716:9:716:21 | var_in_macro |
| main.rs:718:9:718:20 | var_in_macro |
| main.rs:723:15:723:28 | var_in_macro |
| main.rs:728:9:728:9 | x |
| main.rs:734:13:734:13 | x |
| main.rs:735:13:735:15 | cap |
| main.rs:735:20:735:20 | b |
variableAccess
| main.rs:7:20:7:20 | s | main.rs:5:14:5:14 | s |
| main.rs:12:20:12:20 | i | main.rs:10:14:10:14 | i |
| main.rs:16:16:16:16 | i | main.rs:15:18:15:18 | i |
| main.rs:21:15:21:16 | x1 | main.rs:20:9:20:10 | x1 |
| main.rs:26:15:26:16 | x2 | main.rs:25:13:25:14 | x2 |
| main.rs:27:5:27:6 | x2 | main.rs:25:13:25:14 | x2 |
| main.rs:28:15:28:16 | x2 | main.rs:25:13:25:14 | x2 |
| main.rs:29:5:29:6 | x2 | main.rs:25:13:25:14 | x2 |
| main.rs:29:10:29:11 | x2 | main.rs:25:13:25:14 | x2 |
| main.rs:30:15:30:16 | x2 | main.rs:25:13:25:14 | x2 |
| main.rs:35:20:35:20 | x | main.rs:34:13:34:13 | x |
| main.rs:36:5:36:5 | x | main.rs:34:13:34:13 | x |
| main.rs:37:20:37:20 | x | main.rs:34:13:34:13 | x |
| main.rs:42:15:42:16 | x3 | main.rs:41:9:41:10 | x3 |
| main.rs:44:9:44:10 | x3 | main.rs:41:9:41:10 | x3 |
| main.rs:45:15:45:16 | x3 | main.rs:43:9:43:10 | x3 |
| main.rs:50:15:50:16 | x4 | main.rs:49:9:49:10 | x4 |
| main.rs:53:19:53:20 | x4 | main.rs:52:13:52:14 | x4 |
| main.rs:55:15:55:16 | x4 | main.rs:49:9:49:10 | x4 |
| main.rs:74:15:74:16 | a1 | main.rs:66:13:66:14 | a1 |
| main.rs:75:15:75:16 | b1 | main.rs:67:13:67:14 | b1 |
| main.rs:76:15:76:15 | x | main.rs:70:13:70:13 | x |
| main.rs:77:15:77:15 | y | main.rs:71:13:71:13 | y |
| main.rs:85:9:85:10 | p1 | main.rs:81:9:81:10 | p1 |
| main.rs:86:15:86:16 | a2 | main.rs:83:12:83:13 | a2 |
| main.rs:87:15:87:16 | b2 | main.rs:84:12:84:13 | b2 |
| main.rs:94:11:94:12 | s1 | main.rs:91:9:91:10 | s1 |
| main.rs:95:19:95:20 | s2 | main.rs:93:21:93:22 | s2 |
| main.rs:102:7:102:7 | x | main.rs:100:9:100:9 | x |
| main.rs:105:13:105:13 | x | main.rs:100:9:100:9 | x |
| main.rs:106:19:106:19 | x | main.rs:104:13:104:13 | x |
| main.rs:109:15:109:15 | x | main.rs:101:14:101:14 | x |
| main.rs:116:11:116:12 | s1 | main.rs:113:9:113:10 | s1 |
| main.rs:117:19:117:20 | s2 | main.rs:115:24:115:25 | s2 |
| main.rs:125:11:125:12 | x6 | main.rs:122:9:122:10 | x6 |
| main.rs:130:23:130:24 | y1 | main.rs:127:14:127:15 | y1 |
| main.rs:135:15:135:16 | y1 | main.rs:123:9:123:10 | y1 |
| main.rs:141:11:141:17 | numbers | main.rs:139:9:139:15 | numbers |
| main.rs:150:23:150:27 | first | main.rs:144:13:144:17 | first |
| main.rs:151:23:151:27 | third | main.rs:146:13:146:17 | third |
| main.rs:152:23:152:27 | fifth | main.rs:148:13:148:17 | fifth |
| main.rs:156:11:156:17 | numbers | main.rs:139:9:139:15 | numbers |
| main.rs:163:23:163:27 | first | main.rs:159:13:159:17 | first |
| main.rs:164:23:164:26 | last | main.rs:161:13:161:16 | last |
| main.rs:172:11:172:12 | p2 | main.rs:170:9:170:10 | p2 |
| main.rs:175:24:175:25 | x7 | main.rs:174:16:174:17 | x7 |
| main.rs:186:11:186:13 | msg | main.rs:184:9:184:11 | msg |
| main.rs:190:24:190:34 | id_variable | main.rs:189:17:189:27 | id_variable |
| main.rs:197:23:197:24 | id | main.rs:194:26:194:27 | id |
| main.rs:209:11:209:16 | either | main.rs:208:9:208:14 | either |
| main.rs:211:26:211:27 | a3 | main.rs:210:9:210:44 | a3 |
| main.rs:223:11:223:12 | tv | main.rs:222:9:222:10 | tv |
| main.rs:225:26:225:27 | a4 | main.rs:224:9:224:81 | a4 |
| main.rs:227:11:227:12 | tv | main.rs:222:9:222:10 | tv |
| main.rs:229:26:229:27 | a5 | main.rs:228:9:228:83 | a5 |
| main.rs:231:11:231:12 | tv | main.rs:222:9:222:10 | tv |
| main.rs:233:26:233:27 | a6 | main.rs:232:9:232:83 | a6 |
| main.rs:239:11:239:16 | either | main.rs:238:9:238:14 | either |
| main.rs:241:16:241:17 | a7 | main.rs:240:9:240:44 | a7 |
| main.rs:242:26:242:27 | a7 | main.rs:240:9:240:44 | a7 |
| main.rs:250:11:250:16 | either | main.rs:248:9:248:14 | either |
| main.rs:254:23:254:25 | a11 | main.rs:252:14:252:51 | a11 |
| main.rs:256:15:256:15 | e | main.rs:251:13:251:13 | e |
| main.rs:257:28:257:30 | a12 | main.rs:255:33:255:35 | a12 |
| main.rs:273:11:273:12 | fv | main.rs:272:9:272:10 | fv |
| main.rs:275:26:275:28 | a13 | main.rs:274:9:274:109 | a13 |
| main.rs:283:7:283:7 | x | main.rs:281:9:281:9 | x |
| main.rs:285:5:285:5 | x | main.rs:282:17:282:17 | x |
| main.rs:287:19:287:19 | x | main.rs:282:17:282:17 | x |
| main.rs:290:13:290:13 | x | main.rs:281:9:281:9 | x |
| main.rs:291:19:291:19 | x | main.rs:289:13:289:13 | x |
| main.rs:299:7:299:7 | x | main.rs:297:9:297:9 | x |
| main.rs:302:12:302:12 | x | main.rs:298:17:298:17 | x |
| main.rs:304:5:304:5 | x | main.rs:301:14:301:14 | x |
| main.rs:306:19:306:19 | x | main.rs:301:14:301:14 | x |
| main.rs:309:13:309:13 | x | main.rs:297:9:297:9 | x |
| main.rs:310:19:310:19 | x | main.rs:308:13:308:13 | x |
| main.rs:318:7:318:7 | x | main.rs:316:9:316:9 | x |
| main.rs:321:12:321:12 | x | main.rs:317:20:317:20 | x |
| main.rs:323:5:323:5 | x | main.rs:320:14:320:14 | x |
| main.rs:325:19:325:19 | x | main.rs:320:14:320:14 | x |
| main.rs:329:15:329:15 | x | main.rs:316:9:316:9 | x |
| main.rs:335:11:335:11 | x | main.rs:334:9:334:9 | x |
| main.rs:338:18:338:18 | x | main.rs:336:14:336:14 | x |
| main.rs:339:19:339:19 | x | main.rs:337:20:337:20 | x |
| main.rs:343:15:343:15 | x | main.rs:334:9:334:9 | x |
| main.rs:350:7:350:7 | x | main.rs:348:9:348:9 | x |
| main.rs:352:19:352:19 | x | main.rs:349:16:349:16 | x |
| main.rs:355:7:355:7 | x | main.rs:348:9:348:9 | x |
| main.rs:357:19:357:19 | x | main.rs:354:20:354:20 | x |
| main.rs:359:19:359:19 | x | main.rs:348:9:348:9 | x |
| main.rs:365:11:365:11 | x | main.rs:364:9:364:9 | x |
| main.rs:367:20:367:20 | x | main.rs:366:18:366:18 | x |
| main.rs:379:15:379:16 | a8 | main.rs:373:5:373:6 | a8 |
| main.rs:380:15:380:16 | b3 | main.rs:375:9:375:10 | b3 |
| main.rs:381:15:381:16 | c1 | main.rs:376:9:376:10 | c1 |
| main.rs:386:15:386:16 | a9 | main.rs:384:20:384:55 | a9 |
| main.rs:395:15:395:17 | a10 | main.rs:391:13:391:15 | a10 |
| main.rs:396:15:396:16 | b4 | main.rs:392:13:392:14 | b4 |
| main.rs:397:15:397:16 | c2 | main.rs:393:13:393:14 | c2 |
| main.rs:400:9:400:10 | c2 | main.rs:393:13:393:14 | c2 |
| main.rs:401:9:401:10 | b4 | main.rs:392:13:392:14 | b4 |
| main.rs:402:9:402:11 | a10 | main.rs:391:13:391:15 | a10 |
| main.rs:404:9:404:11 | a10 | main.rs:391:13:391:15 | a10 |
| main.rs:405:9:405:10 | b4 | main.rs:392:13:392:14 | b4 |
| main.rs:406:9:406:10 | c2 | main.rs:393:13:393:14 | c2 |
| main.rs:408:15:408:17 | a10 | main.rs:391:13:391:15 | a10 |
| main.rs:409:15:409:16 | b4 | main.rs:392:13:392:14 | b4 |
| main.rs:410:15:410:16 | c2 | main.rs:393:13:393:14 | c2 |
| main.rs:417:23:417:25 | a10 | main.rs:414:13:414:15 | a10 |
| main.rs:418:23:418:24 | b4 | main.rs:415:13:415:14 | b4 |
| main.rs:422:15:422:17 | a10 | main.rs:391:13:391:15 | a10 |
| main.rs:423:15:423:16 | b4 | main.rs:392:13:392:14 | b4 |
| main.rs:429:9:429:9 | x | main.rs:428:10:428:10 | x |
| main.rs:431:9:431:23 | example_closure | main.rs:427:9:427:23 | example_closure |
| main.rs:432:15:432:16 | n1 | main.rs:430:9:430:10 | n1 |
| main.rs:437:9:437:9 | x | main.rs:436:6:436:6 | x |
| main.rs:439:9:439:26 | immutable_variable | main.rs:435:9:435:26 | immutable_variable |
| main.rs:440:15:440:16 | n2 | main.rs:438:9:438:10 | n2 |
| main.rs:447:9:447:9 | x | main.rs:446:10:446:10 | x |
| main.rs:448:15:448:15 | f | main.rs:445:9:445:9 | f |
| main.rs:452:9:452:9 | x | main.rs:450:10:450:10 | x |
| main.rs:455:15:455:15 | f | main.rs:445:9:445:9 | f |
| main.rs:461:17:461:17 | x | main.rs:459:14:459:14 | x |
| main.rs:470:13:470:13 | x | main.rs:469:14:469:14 | x |
| main.rs:471:19:471:19 | f | main.rs:468:13:468:13 | f |
| main.rs:479:12:479:12 | v | main.rs:476:9:476:9 | v |
| main.rs:480:19:480:22 | text | main.rs:478:9:478:12 | text |
| main.rs:486:5:486:5 | a | main.rs:485:13:485:13 | a |
| main.rs:487:15:487:15 | a | main.rs:485:13:485:13 | a |
| main.rs:488:11:488:11 | a | main.rs:485:13:485:13 | a |
| main.rs:489:15:489:15 | a | main.rs:485:13:485:13 | a |
| main.rs:495:14:495:14 | i | main.rs:493:13:493:13 | i |
| main.rs:496:6:496:10 | ref_i | main.rs:494:9:494:13 | ref_i |
| main.rs:497:15:497:15 | i | main.rs:493:13:493:13 | i |
| main.rs:501:6:501:6 | x | main.rs:500:17:500:17 | x |
| main.rs:502:10:502:10 | x | main.rs:500:17:500:17 | x |
| main.rs:503:10:503:10 | x | main.rs:500:17:500:17 | x |
| main.rs:504:12:504:12 | x | main.rs:500:17:500:17 | x |
| main.rs:508:6:508:6 | x | main.rs:507:22:507:22 | x |
| main.rs:509:10:509:10 | x | main.rs:507:22:507:22 | x |
| main.rs:510:10:510:10 | x | main.rs:507:22:507:22 | x |
| main.rs:511:6:511:6 | y | main.rs:507:38:507:38 | y |
| main.rs:512:9:512:9 | x | main.rs:507:22:507:22 | x |
| main.rs:518:27:518:27 | x | main.rs:516:13:516:13 | x |
| main.rs:519:6:519:6 | y | main.rs:517:9:517:9 | y |
| main.rs:522:15:522:15 | x | main.rs:516:13:516:13 | x |
| main.rs:526:19:526:19 | x | main.rs:516:13:516:13 | x |
| main.rs:528:14:528:14 | z | main.rs:524:13:524:13 | z |
| main.rs:529:9:529:9 | w | main.rs:525:9:525:9 | w |
| main.rs:531:7:531:7 | w | main.rs:525:9:525:9 | w |
| main.rs:534:15:534:15 | z | main.rs:524:13:524:13 | z |
| main.rs:540:14:540:14 | x | main.rs:538:13:538:13 | x |
| main.rs:541:6:541:6 | y | main.rs:539:9:539:9 | y |
| main.rs:542:15:542:15 | x | main.rs:538:13:538:13 | x |
| main.rs:550:19:550:19 | x | main.rs:546:9:546:9 | x |
| main.rs:552:5:552:7 | cap | main.rs:549:9:549:11 | cap |
| main.rs:553:15:553:15 | x | main.rs:546:9:546:9 | x |
| main.rs:561:19:561:19 | x | main.rs:557:13:557:13 | x |
| main.rs:563:5:563:12 | closure1 | main.rs:560:9:560:16 | closure1 |
| main.rs:564:15:564:15 | x | main.rs:557:13:557:13 | x |
| main.rs:570:9:570:9 | y | main.rs:566:13:566:13 | y |
| main.rs:572:5:572:12 | closure2 | main.rs:569:13:569:20 | closure2 |
| main.rs:573:15:573:15 | y | main.rs:566:13:566:13 | y |
| main.rs:579:9:579:9 | z | main.rs:575:13:575:13 | z |
| main.rs:581:5:581:12 | closure3 | main.rs:578:13:578:20 | closure3 |
| main.rs:582:15:582:15 | z | main.rs:575:13:575:13 | z |
| main.rs:588:9:588:9 | i | main.rs:586:13:586:13 | i |
| main.rs:591:5:591:9 | block | main.rs:587:9:587:13 | block |
| main.rs:592:15:592:15 | i | main.rs:586:13:586:13 | i |
| main.rs:597:15:597:15 | x | main.rs:596:13:596:13 | x |
| main.rs:598:15:598:15 | x | main.rs:596:13:596:13 | x |
| main.rs:600:16:600:16 | b | main.rs:595:8:595:8 | b |
| main.rs:602:9:602:9 | x | main.rs:596:13:596:13 | x |
| main.rs:603:19:603:19 | x | main.rs:596:13:596:13 | x |
| main.rs:604:19:604:19 | x | main.rs:596:13:596:13 | x |
| main.rs:606:9:606:9 | x | main.rs:596:13:596:13 | x |
| main.rs:607:19:607:19 | x | main.rs:596:13:596:13 | x |
| main.rs:608:19:608:19 | x | main.rs:596:13:596:13 | x |
| main.rs:610:15:610:15 | x | main.rs:596:13:596:13 | x |
| main.rs:616:16:616:17 | b1 | main.rs:613:13:613:14 | b1 |
| main.rs:618:19:618:19 | x | main.rs:614:9:614:9 | x |
| main.rs:620:19:620:19 | x | main.rs:614:9:614:9 | x |
| main.rs:624:16:624:17 | b2 | main.rs:613:23:613:24 | b2 |
| main.rs:626:19:626:19 | x | main.rs:614:9:614:9 | x |
| main.rs:628:19:628:19 | x | main.rs:614:9:614:9 | x |
| main.rs:638:16:638:19 | self | main.rs:637:20:637:23 | self |
| main.rs:642:9:642:12 | self | main.rs:641:11:641:14 | self |
| main.rs:648:13:648:16 | self | main.rs:645:23:645:26 | self |
| main.rs:648:25:648:25 | n | main.rs:646:22:646:22 | n |
| main.rs:650:9:650:9 | f | main.rs:646:17:646:17 | f |
| main.rs:651:9:651:9 | f | main.rs:646:17:646:17 | f |
| main.rs:657:15:657:15 | a | main.rs:656:13:656:13 | a |
| main.rs:658:5:658:5 | a | main.rs:656:13:656:13 | a |
| main.rs:659:15:659:15 | a | main.rs:656:13:656:13 | a |
| main.rs:660:5:660:5 | a | main.rs:656:13:656:13 | a |
| main.rs:661:15:661:15 | a | main.rs:656:13:656:13 | a |
| main.rs:666:15:666:15 | a | main.rs:665:13:665:13 | a |
| main.rs:667:5:667:5 | a | main.rs:665:13:665:13 | a |
| main.rs:668:15:668:15 | a | main.rs:665:13:665:13 | a |
| main.rs:669:5:669:5 | a | main.rs:665:13:665:13 | a |
| main.rs:670:15:670:15 | a | main.rs:665:13:665:13 | a |
| main.rs:675:20:675:20 | x | main.rs:674:9:674:9 | x |
| main.rs:676:15:676:15 | x | main.rs:674:9:674:9 | x |
| main.rs:679:20:679:20 | z | main.rs:678:9:678:9 | z |
| main.rs:688:10:688:13 | self | main.rs:687:17:687:20 | self |
| main.rs:694:5:694:5 | a | main.rs:693:13:693:13 | a |
| main.rs:697:15:697:15 | a | main.rs:693:13:693:13 | a |
| main.rs:716:9:716:21 | var_in_macro | main.rs:716:9:716:21 | var_in_macro |
| main.rs:717:15:717:28 | var_from_macro | main.rs:715:9:715:22 | var_from_macro |
| main.rs:723:30:723:41 | var_in_macro | main.rs:723:15:723:28 | var_in_macro |
| main.rs:724:15:724:26 | var_in_macro | main.rs:718:9:718:20 | var_in_macro |
| main.rs:729:5:729:5 | x | main.rs:728:9:728:9 | x |
| main.rs:730:15:730:15 | x | main.rs:728:9:728:9 | x |
| main.rs:737:20:737:20 | b | main.rs:735:20:735:20 | b |
| main.rs:738:13:738:13 | x | main.rs:734:13:734:13 | x |
| main.rs:741:5:741:7 | cap | main.rs:735:13:735:15 | cap |
| main.rs:742:15:742:15 | x | main.rs:734:13:734:13 | x |
variableWriteAccess
| main.rs:27:5:27:6 | x2 | main.rs:25:13:25:14 | x2 |
| main.rs:29:5:29:6 | x2 | main.rs:25:13:25:14 | x2 |
| main.rs:36:5:36:5 | x | main.rs:34:13:34:13 | x |
| main.rs:400:9:400:10 | c2 | main.rs:393:13:393:14 | c2 |
| main.rs:401:9:401:10 | b4 | main.rs:392:13:392:14 | b4 |
| main.rs:402:9:402:11 | a10 | main.rs:391:13:391:15 | a10 |
| main.rs:570:9:570:9 | y | main.rs:566:13:566:13 | y |
| main.rs:588:9:588:9 | i | main.rs:586:13:586:13 | i |
| main.rs:602:9:602:9 | x | main.rs:596:13:596:13 | x |
| main.rs:606:9:606:9 | x | main.rs:596:13:596:13 | x |
| main.rs:660:5:660:5 | a | main.rs:656:13:656:13 | a |
| main.rs:669:5:669:5 | a | main.rs:665:13:665:13 | a |
| main.rs:729:5:729:5 | x | main.rs:728:9:728:9 | x |
| main.rs:738:13:738:13 | x | main.rs:734:13:734:13 | x |
variableReadAccess
| main.rs:7:20:7:20 | s | main.rs:5:14:5:14 | s |
| main.rs:12:20:12:20 | i | main.rs:10:14:10:14 | i |
| main.rs:16:16:16:16 | i | main.rs:15:18:15:18 | i |
| main.rs:21:15:21:16 | x1 | main.rs:20:9:20:10 | x1 |
| main.rs:26:15:26:16 | x2 | main.rs:25:13:25:14 | x2 |
| main.rs:28:15:28:16 | x2 | main.rs:25:13:25:14 | x2 |
| main.rs:29:10:29:11 | x2 | main.rs:25:13:25:14 | x2 |
| main.rs:30:15:30:16 | x2 | main.rs:25:13:25:14 | x2 |
| main.rs:42:15:42:16 | x3 | main.rs:41:9:41:10 | x3 |
| main.rs:44:9:44:10 | x3 | main.rs:41:9:41:10 | x3 |
| main.rs:45:15:45:16 | x3 | main.rs:43:9:43:10 | x3 |
| main.rs:50:15:50:16 | x4 | main.rs:49:9:49:10 | x4 |
| main.rs:53:19:53:20 | x4 | main.rs:52:13:52:14 | x4 |
| main.rs:55:15:55:16 | x4 | main.rs:49:9:49:10 | x4 |
| main.rs:74:15:74:16 | a1 | main.rs:66:13:66:14 | a1 |
| main.rs:75:15:75:16 | b1 | main.rs:67:13:67:14 | b1 |
| main.rs:76:15:76:15 | x | main.rs:70:13:70:13 | x |
| main.rs:77:15:77:15 | y | main.rs:71:13:71:13 | y |
| main.rs:85:9:85:10 | p1 | main.rs:81:9:81:10 | p1 |
| main.rs:86:15:86:16 | a2 | main.rs:83:12:83:13 | a2 |
| main.rs:87:15:87:16 | b2 | main.rs:84:12:84:13 | b2 |
| main.rs:94:11:94:12 | s1 | main.rs:91:9:91:10 | s1 |
| main.rs:95:19:95:20 | s2 | main.rs:93:21:93:22 | s2 |
| main.rs:102:7:102:7 | x | main.rs:100:9:100:9 | x |
| main.rs:105:13:105:13 | x | main.rs:100:9:100:9 | x |
| main.rs:106:19:106:19 | x | main.rs:104:13:104:13 | x |
| main.rs:109:15:109:15 | x | main.rs:101:14:101:14 | x |
| main.rs:116:11:116:12 | s1 | main.rs:113:9:113:10 | s1 |
| main.rs:117:19:117:20 | s2 | main.rs:115:24:115:25 | s2 |
| main.rs:125:11:125:12 | x6 | main.rs:122:9:122:10 | x6 |
| main.rs:130:23:130:24 | y1 | main.rs:127:14:127:15 | y1 |
| main.rs:135:15:135:16 | y1 | main.rs:123:9:123:10 | y1 |
| main.rs:141:11:141:17 | numbers | main.rs:139:9:139:15 | numbers |
| main.rs:150:23:150:27 | first | main.rs:144:13:144:17 | first |
| main.rs:151:23:151:27 | third | main.rs:146:13:146:17 | third |
| main.rs:152:23:152:27 | fifth | main.rs:148:13:148:17 | fifth |
| main.rs:156:11:156:17 | numbers | main.rs:139:9:139:15 | numbers |
| main.rs:163:23:163:27 | first | main.rs:159:13:159:17 | first |
| main.rs:164:23:164:26 | last | main.rs:161:13:161:16 | last |
| main.rs:172:11:172:12 | p2 | main.rs:170:9:170:10 | p2 |
| main.rs:175:24:175:25 | x7 | main.rs:174:16:174:17 | x7 |
| main.rs:186:11:186:13 | msg | main.rs:184:9:184:11 | msg |
| main.rs:190:24:190:34 | id_variable | main.rs:189:17:189:27 | id_variable |
| main.rs:197:23:197:24 | id | main.rs:194:26:194:27 | id |
| main.rs:209:11:209:16 | either | main.rs:208:9:208:14 | either |
| main.rs:211:26:211:27 | a3 | main.rs:210:9:210:44 | a3 |
| main.rs:223:11:223:12 | tv | main.rs:222:9:222:10 | tv |
| main.rs:225:26:225:27 | a4 | main.rs:224:9:224:81 | a4 |
| main.rs:227:11:227:12 | tv | main.rs:222:9:222:10 | tv |
| main.rs:229:26:229:27 | a5 | main.rs:228:9:228:83 | a5 |
| main.rs:231:11:231:12 | tv | main.rs:222:9:222:10 | tv |
| main.rs:233:26:233:27 | a6 | main.rs:232:9:232:83 | a6 |
| main.rs:239:11:239:16 | either | main.rs:238:9:238:14 | either |
| main.rs:241:16:241:17 | a7 | main.rs:240:9:240:44 | a7 |
| main.rs:242:26:242:27 | a7 | main.rs:240:9:240:44 | a7 |
| main.rs:250:11:250:16 | either | main.rs:248:9:248:14 | either |
| main.rs:254:23:254:25 | a11 | main.rs:252:14:252:51 | a11 |
| main.rs:256:15:256:15 | e | main.rs:251:13:251:13 | e |
| main.rs:257:28:257:30 | a12 | main.rs:255:33:255:35 | a12 |
| main.rs:273:11:273:12 | fv | main.rs:272:9:272:10 | fv |
| main.rs:275:26:275:28 | a13 | main.rs:274:9:274:109 | a13 |
| main.rs:283:7:283:7 | x | main.rs:281:9:281:9 | x |
| main.rs:285:5:285:5 | x | main.rs:282:17:282:17 | x |
| main.rs:287:19:287:19 | x | main.rs:282:17:282:17 | x |
| main.rs:290:13:290:13 | x | main.rs:281:9:281:9 | x |
| main.rs:291:19:291:19 | x | main.rs:289:13:289:13 | x |
| main.rs:299:7:299:7 | x | main.rs:297:9:297:9 | x |
| main.rs:302:12:302:12 | x | main.rs:298:17:298:17 | x |
| main.rs:304:5:304:5 | x | main.rs:301:14:301:14 | x |
| main.rs:306:19:306:19 | x | main.rs:301:14:301:14 | x |
| main.rs:309:13:309:13 | x | main.rs:297:9:297:9 | x |
| main.rs:310:19:310:19 | x | main.rs:308:13:308:13 | x |
| main.rs:318:7:318:7 | x | main.rs:316:9:316:9 | x |
| main.rs:321:12:321:12 | x | main.rs:317:20:317:20 | x |
| main.rs:323:5:323:5 | x | main.rs:320:14:320:14 | x |
| main.rs:325:19:325:19 | x | main.rs:320:14:320:14 | x |
| main.rs:329:15:329:15 | x | main.rs:316:9:316:9 | x |
| main.rs:335:11:335:11 | x | main.rs:334:9:334:9 | x |
| main.rs:338:18:338:18 | x | main.rs:336:14:336:14 | x |
| main.rs:339:19:339:19 | x | main.rs:337:20:337:20 | x |
| main.rs:343:15:343:15 | x | main.rs:334:9:334:9 | x |
| main.rs:350:7:350:7 | x | main.rs:348:9:348:9 | x |
| main.rs:352:19:352:19 | x | main.rs:349:16:349:16 | x |
| main.rs:355:7:355:7 | x | main.rs:348:9:348:9 | x |
| main.rs:357:19:357:19 | x | main.rs:354:20:354:20 | x |
| main.rs:359:19:359:19 | x | main.rs:348:9:348:9 | x |
| main.rs:365:11:365:11 | x | main.rs:364:9:364:9 | x |
| main.rs:367:20:367:20 | x | main.rs:366:18:366:18 | x |
| main.rs:379:15:379:16 | a8 | main.rs:373:5:373:6 | a8 |
| main.rs:380:15:380:16 | b3 | main.rs:375:9:375:10 | b3 |
| main.rs:381:15:381:16 | c1 | main.rs:376:9:376:10 | c1 |
| main.rs:386:15:386:16 | a9 | main.rs:384:20:384:55 | a9 |
| main.rs:395:15:395:17 | a10 | main.rs:391:13:391:15 | a10 |
| main.rs:396:15:396:16 | b4 | main.rs:392:13:392:14 | b4 |
| main.rs:397:15:397:16 | c2 | main.rs:393:13:393:14 | c2 |
| main.rs:404:9:404:11 | a10 | main.rs:391:13:391:15 | a10 |
| main.rs:405:9:405:10 | b4 | main.rs:392:13:392:14 | b4 |
| main.rs:406:9:406:10 | c2 | main.rs:393:13:393:14 | c2 |
| main.rs:408:15:408:17 | a10 | main.rs:391:13:391:15 | a10 |
| main.rs:409:15:409:16 | b4 | main.rs:392:13:392:14 | b4 |
| main.rs:410:15:410:16 | c2 | main.rs:393:13:393:14 | c2 |
| main.rs:417:23:417:25 | a10 | main.rs:414:13:414:15 | a10 |
| main.rs:418:23:418:24 | b4 | main.rs:415:13:415:14 | b4 |
| main.rs:422:15:422:17 | a10 | main.rs:391:13:391:15 | a10 |
| main.rs:423:15:423:16 | b4 | main.rs:392:13:392:14 | b4 |
| main.rs:429:9:429:9 | x | main.rs:428:10:428:10 | x |
| main.rs:431:9:431:23 | example_closure | main.rs:427:9:427:23 | example_closure |
| main.rs:432:15:432:16 | n1 | main.rs:430:9:430:10 | n1 |
| main.rs:437:9:437:9 | x | main.rs:436:6:436:6 | x |
| main.rs:439:9:439:26 | immutable_variable | main.rs:435:9:435:26 | immutable_variable |
| main.rs:440:15:440:16 | n2 | main.rs:438:9:438:10 | n2 |
| main.rs:447:9:447:9 | x | main.rs:446:10:446:10 | x |
| main.rs:448:15:448:15 | f | main.rs:445:9:445:9 | f |
| main.rs:452:9:452:9 | x | main.rs:450:10:450:10 | x |
| main.rs:455:15:455:15 | f | main.rs:445:9:445:9 | f |
| main.rs:461:17:461:17 | x | main.rs:459:14:459:14 | x |
| main.rs:470:13:470:13 | x | main.rs:469:14:469:14 | x |
| main.rs:471:19:471:19 | f | main.rs:468:13:468:13 | f |
| main.rs:479:12:479:12 | v | main.rs:476:9:476:9 | v |
| main.rs:480:19:480:22 | text | main.rs:478:9:478:12 | text |
| main.rs:487:15:487:15 | a | main.rs:485:13:485:13 | a |
| main.rs:489:15:489:15 | a | main.rs:485:13:485:13 | a |
| main.rs:496:6:496:10 | ref_i | main.rs:494:9:494:13 | ref_i |
| main.rs:497:15:497:15 | i | main.rs:493:13:493:13 | i |
| main.rs:501:6:501:6 | x | main.rs:500:17:500:17 | x |
| main.rs:502:10:502:10 | x | main.rs:500:17:500:17 | x |
| main.rs:503:10:503:10 | x | main.rs:500:17:500:17 | x |
| main.rs:504:12:504:12 | x | main.rs:500:17:500:17 | x |
| main.rs:508:6:508:6 | x | main.rs:507:22:507:22 | x |
| main.rs:509:10:509:10 | x | main.rs:507:22:507:22 | x |
| main.rs:510:10:510:10 | x | main.rs:507:22:507:22 | x |
| main.rs:511:6:511:6 | y | main.rs:507:38:507:38 | y |
| main.rs:512:9:512:9 | x | main.rs:507:22:507:22 | x |
| main.rs:519:6:519:6 | y | main.rs:517:9:517:9 | y |
| main.rs:522:15:522:15 | x | main.rs:516:13:516:13 | x |
| main.rs:529:9:529:9 | w | main.rs:525:9:525:9 | w |
| main.rs:531:7:531:7 | w | main.rs:525:9:525:9 | w |
| main.rs:534:15:534:15 | z | main.rs:524:13:524:13 | z |
| main.rs:541:6:541:6 | y | main.rs:539:9:539:9 | y |
| main.rs:542:15:542:15 | x | main.rs:538:13:538:13 | x |
| main.rs:550:19:550:19 | x | main.rs:546:9:546:9 | x |
| main.rs:552:5:552:7 | cap | main.rs:549:9:549:11 | cap |
| main.rs:553:15:553:15 | x | main.rs:546:9:546:9 | x |
| main.rs:561:19:561:19 | x | main.rs:557:13:557:13 | x |
| main.rs:563:5:563:12 | closure1 | main.rs:560:9:560:16 | closure1 |
| main.rs:564:15:564:15 | x | main.rs:557:13:557:13 | x |
| main.rs:572:5:572:12 | closure2 | main.rs:569:13:569:20 | closure2 |
| main.rs:573:15:573:15 | y | main.rs:566:13:566:13 | y |
| main.rs:579:9:579:9 | z | main.rs:575:13:575:13 | z |
| main.rs:581:5:581:12 | closure3 | main.rs:578:13:578:20 | closure3 |
| main.rs:582:15:582:15 | z | main.rs:575:13:575:13 | z |
| main.rs:591:5:591:9 | block | main.rs:587:9:587:13 | block |
| main.rs:592:15:592:15 | i | main.rs:586:13:586:13 | i |
| main.rs:597:15:597:15 | x | main.rs:596:13:596:13 | x |
| main.rs:598:15:598:15 | x | main.rs:596:13:596:13 | x |
| main.rs:600:16:600:16 | b | main.rs:595:8:595:8 | b |
| main.rs:603:19:603:19 | x | main.rs:596:13:596:13 | x |
| main.rs:604:19:604:19 | x | main.rs:596:13:596:13 | x |
| main.rs:607:19:607:19 | x | main.rs:596:13:596:13 | x |
| main.rs:608:19:608:19 | x | main.rs:596:13:596:13 | x |
| main.rs:610:15:610:15 | x | main.rs:596:13:596:13 | x |
| main.rs:616:16:616:17 | b1 | main.rs:613:13:613:14 | b1 |
| main.rs:618:19:618:19 | x | main.rs:614:9:614:9 | x |
| main.rs:620:19:620:19 | x | main.rs:614:9:614:9 | x |
| main.rs:624:16:624:17 | b2 | main.rs:613:23:613:24 | b2 |
| main.rs:626:19:626:19 | x | main.rs:614:9:614:9 | x |
| main.rs:628:19:628:19 | x | main.rs:614:9:614:9 | x |
| main.rs:638:16:638:19 | self | main.rs:637:20:637:23 | self |
| main.rs:642:9:642:12 | self | main.rs:641:11:641:14 | self |
| main.rs:648:13:648:16 | self | main.rs:645:23:645:26 | self |
| main.rs:648:25:648:25 | n | main.rs:646:22:646:22 | n |
| main.rs:650:9:650:9 | f | main.rs:646:17:646:17 | f |
| main.rs:651:9:651:9 | f | main.rs:646:17:646:17 | f |
| main.rs:657:15:657:15 | a | main.rs:656:13:656:13 | a |
| main.rs:658:5:658:5 | a | main.rs:656:13:656:13 | a |
| main.rs:659:15:659:15 | a | main.rs:656:13:656:13 | a |
| main.rs:661:15:661:15 | a | main.rs:656:13:656:13 | a |
| main.rs:666:15:666:15 | a | main.rs:665:13:665:13 | a |
| main.rs:667:5:667:5 | a | main.rs:665:13:665:13 | a |
| main.rs:668:15:668:15 | a | main.rs:665:13:665:13 | a |
| main.rs:670:15:670:15 | a | main.rs:665:13:665:13 | a |
| main.rs:676:15:676:15 | x | main.rs:674:9:674:9 | x |
| main.rs:688:10:688:13 | self | main.rs:687:17:687:20 | self |
| main.rs:694:5:694:5 | a | main.rs:693:13:693:13 | a |
| main.rs:697:15:697:15 | a | main.rs:693:13:693:13 | a |
| main.rs:716:9:716:21 | var_in_macro | main.rs:716:9:716:21 | var_in_macro |
| main.rs:717:15:717:28 | var_from_macro | main.rs:715:9:715:22 | var_from_macro |
| main.rs:723:30:723:41 | var_in_macro | main.rs:723:15:723:28 | var_in_macro |
| main.rs:724:15:724:26 | var_in_macro | main.rs:718:9:718:20 | var_in_macro |
| main.rs:730:15:730:15 | x | main.rs:728:9:728:9 | x |
| main.rs:737:20:737:20 | b | main.rs:735:20:735:20 | b |
| main.rs:741:5:741:7 | cap | main.rs:735:13:735:15 | cap |
| main.rs:742:15:742:15 | x | main.rs:734:13:734:13 | x |
variableInitializer
| main.rs:20:9:20:10 | x1 | main.rs:20:14:20:16 | "a" |
| main.rs:25:13:25:14 | x2 | main.rs:25:18:25:18 | 4 |
| main.rs:34:13:34:13 | x | main.rs:34:17:34:17 | 1 |
| main.rs:41:9:41:10 | x3 | main.rs:41:14:41:14 | 1 |
| main.rs:43:9:43:10 | x3 | main.rs:44:9:44:14 | ... + ... |
| main.rs:49:9:49:10 | x4 | main.rs:49:14:49:16 | "a" |
| main.rs:52:13:52:14 | x4 | main.rs:52:18:52:20 | "b" |
| main.rs:81:9:81:10 | p1 | main.rs:81:14:81:37 | Point {...} |
| main.rs:91:9:91:10 | s1 | main.rs:91:14:91:41 | Some(...) |
| main.rs:100:9:100:9 | x | main.rs:100:13:100:22 | Some(...) |
| main.rs:104:13:104:13 | x | main.rs:105:13:105:13 | x |
| main.rs:113:9:113:10 | s1 | main.rs:113:14:113:41 | Some(...) |
| main.rs:122:9:122:10 | x6 | main.rs:122:14:122:20 | Some(...) |
| main.rs:123:9:123:10 | y1 | main.rs:123:14:123:15 | 10 |
| main.rs:139:9:139:15 | numbers | main.rs:139:19:139:35 | TupleExpr |
| main.rs:170:9:170:10 | p2 | main.rs:170:14:170:37 | Point {...} |
| main.rs:184:9:184:11 | msg | main.rs:184:15:184:38 | ...::Hello {...} |
| main.rs:208:9:208:14 | either | main.rs:208:18:208:33 | ...::Left(...) |
| main.rs:222:9:222:10 | tv | main.rs:222:14:222:36 | ...::Second(...) |
| main.rs:238:9:238:14 | either | main.rs:238:18:238:33 | ...::Left(...) |
| main.rs:248:9:248:14 | either | main.rs:248:18:248:33 | ...::Left(...) |
| main.rs:272:9:272:10 | fv | main.rs:272:14:272:35 | ...::Second(...) |
| main.rs:281:9:281:9 | x | main.rs:281:12:281:19 | Some(...) |
| main.rs:289:13:289:13 | x | main.rs:290:13:290:13 | x |
| main.rs:297:9:297:9 | x | main.rs:297:13:297:20 | Some(...) |
| main.rs:308:13:308:13 | x | main.rs:309:13:309:13 | x |
| main.rs:316:9:316:9 | x | main.rs:316:13:316:20 | Some(...) |
| main.rs:334:9:334:9 | x | main.rs:334:13:334:20 | Some(...) |
| main.rs:337:20:337:20 | x | main.rs:338:18:338:18 | x |
| main.rs:348:9:348:9 | x | main.rs:348:13:348:18 | Ok(...) |
| main.rs:364:9:364:9 | x | main.rs:364:13:364:19 | Some(...) |
| main.rs:427:9:427:23 | example_closure | main.rs:428:9:429:9 | \|...\| x |
| main.rs:430:9:430:10 | n1 | main.rs:431:9:431:26 | example_closure(...) |
| main.rs:435:9:435:26 | immutable_variable | main.rs:436:5:437:9 | \|...\| x |
| main.rs:438:9:438:10 | n2 | main.rs:439:9:439:29 | immutable_variable(...) |
| main.rs:445:9:445:9 | f | main.rs:446:9:447:9 | \|...\| x |
| main.rs:468:13:468:13 | f | main.rs:469:13:470:13 | \|...\| x |
| main.rs:476:9:476:9 | v | main.rs:476:13:476:41 | &... |
| main.rs:485:13:485:13 | a | main.rs:485:17:485:17 | 0 |
| main.rs:493:13:493:13 | i | main.rs:493:17:493:17 | 1 |
| main.rs:494:9:494:13 | ref_i | main.rs:495:9:495:14 | &mut i |
| main.rs:516:13:516:13 | x | main.rs:516:17:516:17 | 2 |
| main.rs:517:9:517:9 | y | main.rs:518:9:518:28 | mutate_param(...) |
| main.rs:524:13:524:13 | z | main.rs:524:17:524:17 | 4 |
| main.rs:525:9:525:9 | w | main.rs:526:9:526:19 | &mut ... |
| main.rs:538:13:538:13 | x | main.rs:538:17:538:17 | 1 |
| main.rs:539:9:539:9 | y | main.rs:540:9:540:14 | &mut x |
| main.rs:546:9:546:9 | x | main.rs:546:13:546:15 | 100 |
| main.rs:549:9:549:11 | cap | main.rs:549:15:551:5 | \|...\| ... |
| main.rs:557:13:557:13 | x | main.rs:557:17:557:17 | 1 |
| main.rs:560:9:560:16 | closure1 | main.rs:560:20:562:5 | \|...\| ... |
| main.rs:566:13:566:13 | y | main.rs:566:17:566:17 | 2 |
| main.rs:569:13:569:20 | closure2 | main.rs:569:24:571:5 | \|...\| ... |
| main.rs:575:13:575:13 | z | main.rs:575:17:575:17 | 2 |
| main.rs:578:13:578:20 | closure3 | main.rs:578:24:580:5 | \|...\| ... |
| main.rs:586:13:586:13 | i | main.rs:586:22:586:22 | 0 |
| main.rs:587:9:587:13 | block | main.rs:587:17:589:5 | { ... } |
| main.rs:596:13:596:13 | x | main.rs:596:17:596:17 | 1 |
| main.rs:614:9:614:9 | x | main.rs:614:13:614:13 | 1 |
| main.rs:646:17:646:17 | f | main.rs:646:21:649:9 | \|...\| ... |
| main.rs:656:13:656:13 | a | main.rs:656:17:656:35 | MyStruct {...} |
| main.rs:665:13:665:13 | a | main.rs:665:17:665:25 | [...] |
| main.rs:674:9:674:9 | x | main.rs:674:13:674:14 | 16 |
| main.rs:678:9:678:9 | z | main.rs:678:13:678:14 | 17 |
| main.rs:693:13:693:13 | a | main.rs:693:17:693:35 | MyStruct {...} |
| main.rs:715:9:715:22 | var_from_macro | main.rs:716:9:716:25 | MacroExpr |
| main.rs:716:9:716:21 | var_in_macro | main.rs:716:23:716:24 | 37 |
| main.rs:718:9:718:20 | var_in_macro | main.rs:718:24:718:25 | 33 |
| main.rs:723:15:723:28 | var_in_macro | main.rs:723:15:723:28 | 0 |
| main.rs:734:13:734:13 | x | main.rs:734:17:734:19 | 100 |
| main.rs:735:13:735:15 | cap | main.rs:735:19:740:5 | \|...\| ... |
capturedVariable
| main.rs:546:9:546:9 | x |
| main.rs:557:13:557:13 | x |
| main.rs:566:13:566:13 | y |
| main.rs:575:13:575:13 | z |
| main.rs:586:13:586:13 | i |
| main.rs:645:23:645:26 | self |
| main.rs:734:13:734:13 | x |
capturedAccess
| main.rs:550:19:550:19 | x |
| main.rs:561:19:561:19 | x |
| main.rs:570:9:570:9 | y |
| main.rs:579:9:579:9 | z |
| main.rs:588:9:588:9 | i |
| main.rs:648:13:648:16 | self |
| main.rs:738:13:738:13 | x |
nestedFunctionAccess
| main.rs:458:19:458:19 | f | main.rs:459:9:462:9 | fn f |
| main.rs:465:23:465:23 | f | main.rs:459:9:462:9 | fn f |
