multipleCallTargets
| dereference.rs:69:15:69:24 | e1.deref() |
| dereference.rs:182:17:182:26 | ... .foo() |
| dereference.rs:183:17:183:23 | S.foo() |
| dereference.rs:184:17:184:30 | ... .foo() |
| dereference.rs:186:17:186:25 | S.bar(...) |
| dereference.rs:187:17:187:29 | S.bar(...) |
| main.rs:589:9:589:14 | S4.m() |
| main.rs:590:9:590:18 | ...::m(...) |
| main.rs:591:9:591:20 | ... .m() |
| main.rs:592:9:592:24 | ...::m(...) |
| main.rs:2519:13:2519:31 | ...::from(...) |
| main.rs:2520:13:2520:31 | ...::from(...) |
| main.rs:2521:13:2521:31 | ...::from(...) |
| main.rs:2527:13:2527:31 | ...::from(...) |
| main.rs:2528:13:2528:31 | ...::from(...) |
| main.rs:2529:13:2529:31 | ...::from(...) |
