| examples/C.java:14:9:14:14 | this.y | This field access (publicly accessible via $@) is not protected by any monitor, but the class is annotated as @ThreadSafe. | examples/C.java:14:9:14:14 | this.y | this expression |
| examples/C.java:15:9:15:14 | this.y | This field access (publicly accessible via $@) is not protected by any monitor, but the class is annotated as @ThreadSafe. | examples/C.java:15:9:15:14 | this.y | this expression |
| examples/C.java:16:9:16:14 | this.y | This field access (publicly accessible via $@) is not protected by any monitor, but the class is annotated as @ThreadSafe. | examples/C.java:16:9:16:14 | this.y | this expression |
| examples/C.java:16:18:16:23 | this.y | This field access (publicly accessible via $@) is not protected by any monitor, but the class is annotated as @ThreadSafe. | examples/C.java:16:18:16:23 | this.y | this expression |
| examples/C.java:20:9:20:14 | this.y | This field access (publicly accessible via $@) is not protected by any monitor, but the class is annotated as @ThreadSafe. | examples/C.java:20:9:20:14 | this.y | this expression |
| examples/C.java:21:9:21:14 | this.y | This field access (publicly accessible via $@) is not protected by any monitor, but the class is annotated as @ThreadSafe. | examples/C.java:21:9:21:14 | this.y | this expression |
| examples/C.java:22:9:22:14 | this.y | This field access (publicly accessible via $@) is not protected by any monitor, but the class is annotated as @ThreadSafe. | examples/C.java:22:9:22:14 | this.y | this expression |
| examples/C.java:22:18:22:23 | this.y | This field access (publicly accessible via $@) is not protected by any monitor, but the class is annotated as @ThreadSafe. | examples/C.java:22:18:22:23 | this.y | this expression |
| examples/C.java:26:9:26:14 | this.y | This field access (publicly accessible via $@) is not protected by any monitor, but the class is annotated as @ThreadSafe. | examples/C.java:26:9:26:14 | this.y | this expression |
| examples/C.java:30:13:30:13 | y | This field access (publicly accessible via $@) is not protected by any monitor, but the class is annotated as @ThreadSafe. | examples/C.java:30:13:30:13 | y | this expression |
| examples/C.java:33:9:33:9 | y | This field access (publicly accessible via $@) is not protected by any monitor, but the class is annotated as @ThreadSafe. | examples/C.java:33:9:33:9 | y | this expression |
| examples/DeepPaths.java:8:17:8:17 | y | This field is not properly synchronized in that no single monitor covers all accesses, but the class $@ is annotated as @ThreadSafe. | examples/DeepPaths.java:7:14:7:22 | DeepPaths | DeepPaths |
| examples/FaultyTurnstileExample.java:18:5:18:9 | count | This field access (publicly accessible via $@) is not protected by any monitor, but the class is annotated as @ThreadSafe. | examples/FaultyTurnstileExample.java:18:5:18:9 | count | this expression |
| examples/FaultyTurnstileExample.java:26:15:26:19 | count | This field is not properly synchronized in that no single monitor covers all accesses, but the class $@ is annotated as @ThreadSafe. | examples/FaultyTurnstileExample.java:23:7:23:29 | FaultyTurnstileExample2 | FaultyTurnstileExample2 |
| examples/FlawedSemaphore.java:15:14:15:18 | state | This field access (publicly accessible via $@) is not protected by any monitor, but the class is annotated as @ThreadSafe. | examples/FlawedSemaphore.java:15:14:15:18 | state | this expression |
| examples/FlawedSemaphore.java:18:7:18:11 | state | This field access (publicly accessible via $@) is not protected by any monitor, but the class is annotated as @ThreadSafe. | examples/FlawedSemaphore.java:18:7:18:11 | state | this expression |
| examples/LockExample.java:18:15:18:20 | length | This field is not properly synchronized in that no single monitor covers all accesses, but the class $@ is annotated as @ThreadSafe. | examples/LockExample.java:14:14:14:24 | LockExample | LockExample |
| examples/LockExample.java:19:15:19:31 | notRelatedToOther | This field is not properly synchronized in that no single monitor covers all accesses, but the class $@ is annotated as @ThreadSafe. | examples/LockExample.java:14:14:14:24 | LockExample | LockExample |
| examples/LockExample.java:20:17:20:23 | content | This field is not properly synchronized in that no single monitor covers all accesses, but the class $@ is annotated as @ThreadSafe. | examples/LockExample.java:14:14:14:24 | LockExample | LockExample |
| examples/LockExample.java:44:5:44:10 | length | This field access (publicly accessible via $@) is not protected by any monitor, but the class is annotated as @ThreadSafe. | examples/LockExample.java:44:5:44:10 | length | this expression |
| examples/LockExample.java:45:5:45:11 | content | This field access (publicly accessible via $@) is not protected by any monitor, but the class is annotated as @ThreadSafe. | examples/LockExample.java:45:5:45:11 | content | this expression |
| examples/LockExample.java:45:13:45:18 | length | This field access (publicly accessible via $@) is not protected by any monitor, but the class is annotated as @ThreadSafe. | examples/LockExample.java:45:13:45:18 | length | this expression |
| examples/LockExample.java:49:5:49:10 | length | This field access (publicly accessible via $@) is not protected by any monitor, but the class is annotated as @ThreadSafe. | examples/LockExample.java:49:5:49:10 | length | this expression |
| examples/LockExample.java:62:5:62:10 | length | This field access (publicly accessible via $@) is not protected by any monitor, but the class is annotated as @ThreadSafe. | examples/LockExample.java:62:5:62:10 | length | this expression |
| examples/LockExample.java:65:5:65:11 | content | This field access (publicly accessible via $@) is not protected by any monitor, but the class is annotated as @ThreadSafe. | examples/LockExample.java:65:5:65:11 | content | this expression |
| examples/LockExample.java:65:13:65:18 | length | This field access (publicly accessible via $@) is not protected by any monitor, but the class is annotated as @ThreadSafe. | examples/LockExample.java:65:13:65:18 | length | this expression |
| examples/LockExample.java:69:5:69:10 | length | This field access (publicly accessible via $@) is not protected by any monitor, but the class is annotated as @ThreadSafe. | examples/LockExample.java:69:5:69:10 | length | this expression |
| examples/LockExample.java:71:5:71:11 | content | This field access (publicly accessible via $@) is not protected by any monitor, but the class is annotated as @ThreadSafe. | examples/LockExample.java:71:5:71:11 | content | this expression |
| examples/LockExample.java:71:13:71:18 | length | This field access (publicly accessible via $@) is not protected by any monitor, but the class is annotated as @ThreadSafe. | examples/LockExample.java:71:13:71:18 | length | this expression |
| examples/LockExample.java:76:5:76:10 | length | This field access (publicly accessible via $@) is not protected by any monitor, but the class is annotated as @ThreadSafe. | examples/LockExample.java:76:5:76:10 | length | this expression |
| examples/LockExample.java:79:5:79:11 | content | This field access (publicly accessible via $@) is not protected by any monitor, but the class is annotated as @ThreadSafe. | examples/LockExample.java:79:5:79:11 | content | this expression |
| examples/LockExample.java:79:13:79:18 | length | This field access (publicly accessible via $@) is not protected by any monitor, but the class is annotated as @ThreadSafe. | examples/LockExample.java:79:13:79:18 | length | this expression |
| examples/LockExample.java:112:5:112:21 | notRelatedToOther | This field access (publicly accessible via $@) is not protected by any monitor, but the class is annotated as @ThreadSafe. | examples/LockExample.java:112:5:112:21 | notRelatedToOther | this expression |
| examples/LockExample.java:119:5:119:21 | notRelatedToOther | This field access (publicly accessible via $@) is not protected by any monitor, but the class is annotated as @ThreadSafe. | examples/LockExample.java:119:5:119:21 | notRelatedToOther | this expression |
| examples/LockExample.java:124:5:124:21 | notRelatedToOther | This field access (publicly accessible via $@) is not protected by any monitor, but the class is annotated as @ThreadSafe. | examples/LockExample.java:124:5:124:21 | notRelatedToOther | this expression |
| examples/LockExample.java:145:5:145:21 | notRelatedToOther | This field access (publicly accessible via $@) is not protected by any monitor, but the class is annotated as @ThreadSafe. | examples/LockExample.java:145:5:145:21 | notRelatedToOther | this expression |
| examples/LockExample.java:153:5:153:21 | notRelatedToOther | This field access (publicly accessible via $@) is not protected by any monitor, but the class is annotated as @ThreadSafe. | examples/LockExample.java:153:5:153:21 | notRelatedToOther | this expression |
| examples/ManyLocks.java:8:17:8:17 | y | This field is not properly synchronized in that no single monitor covers all accesses, but the class $@ is annotated as @ThreadSafe. | examples/ManyLocks.java:7:14:7:22 | ManyLocks | ManyLocks |
| examples/SyncLstExample.java:45:5:45:7 | lst | This field access (publicly accessible via $@) is not protected by any monitor, but the class is annotated as @ThreadSafe. | examples/SyncLstExample.java:45:5:45:7 | lst | this expression |
| examples/SyncStackExample.java:37:5:37:7 | stc | This field access (publicly accessible via $@) is not protected by any monitor, but the class is annotated as @ThreadSafe. | examples/SyncStackExample.java:37:5:37:7 | stc | this expression |
| examples/SynchronizedAndLock.java:10:17:10:22 | length | This field is not properly synchronized in that no single monitor covers all accesses, but the class $@ is annotated as @ThreadSafe. | examples/SynchronizedAndLock.java:7:14:7:32 | SynchronizedAndLock | SynchronizedAndLock |
| examples/Test.java:52:5:52:10 | this.y | This field access (publicly accessible via $@) is not protected by any monitor, but the class is annotated as @ThreadSafe. | examples/Test.java:24:5:24:18 | setYPrivate(...) | this expression |
| examples/Test.java:60:5:60:10 | this.y | This field access (publicly accessible via $@) is not protected by any monitor, but the class is annotated as @ThreadSafe. | examples/Test.java:60:5:60:10 | this.y | this expression |
| examples/Test.java:74:5:74:10 | this.y | This field access (publicly accessible via $@) is not protected by any monitor, but the class is annotated as @ThreadSafe. | examples/Test.java:74:5:74:10 | this.y | this expression |
| examples/Test.java:74:14:74:14 | y | This field access (publicly accessible via $@) is not protected by any monitor, but the class is annotated as @ThreadSafe. | examples/Test.java:74:14:74:14 | y | this expression |
