| main.rs:367:20:367:20 | x | main.rs:364:9:364:9 | x |
| main.rs:367:20:367:20 | x | main.rs:366:18:366:18 | x |
